2025-10-28 21:06:29,604 - <BrokerConnection client_id=kafka-python-producer-1, node_id=bootstrap-0 host=localhost:9092 <connecting> [IPv6 ('::1', 9092, 0, 0)]>: connecting to localhost:9092 [('::1', 9092, 0, 0) IPv6]
2025-10-28 21:06:29,612 - <BrokerConnection client_id=kafka-python-producer-1, node_id=bootstrap-0 host=localhost:9092 <checking_api_versions_recv> [IPv6 ('::1', 9092, 0, 0)]>: Broker version identified as 2.6
2025-10-28 21:06:29,613 - <BrokerConnection client_id=kafka-python-producer-1, node_id=bootstrap-0 host=localhost:9092 <connected> [IPv6 ('::1', 9092, 0, 0)]>: Connection complete.
2025-10-28 21:06:30,525 - <BrokerConnection client_id=kafka-python-producer-1, node_id=1 host=localhost:9092 <connecting> [IPv6 ('::1', 9092, 0, 0)]>: connecting to localhost:9092 [('::1', 9092, 0, 0) IPv6]
2025-10-28 21:06:30,526 - <BrokerConnection client_id=kafka-python-producer-1, node_id=1 host=localhost:9092 <connected> [IPv6 ('::1', 9092, 0, 0)]>: Connection complete.
2025-10-28 21:06:30,526 - <BrokerConnection client_id=kafka-python-producer-1, node_id=bootstrap-0 host=localhost:9092 <connected> [IPv6 ('::1', 9092, 0, 0)]>: Closing connection. 
2025-10-28 21:06:30,533 - [OK] 5a6065c58576340017d06615: {'car': 7}
2025-10-28 21:06:30,646 - [OK] 662b86c41afb9c00172dd31c: {'car': 11, 'motorcycle': 4}
2025-10-28 21:06:30,788 - [OK] 6623f4df6f998a001b2528eb: {'car': 2}
2025-10-28 21:06:30,879 - [OK] 662b7ce71afb9c00172dc676: {'car': 11, 'motorcycle': 1}
2025-10-28 21:06:30,997 - [OK] 583f969161cfea0012cf68f7: {'car': 5, 'bus': 1}
2025-10-28 21:06:31,084 - [OK] 59ca317602eb490011a0a408: {'car': 5}
2025-10-28 21:06:31,197 - [OK] 6623e8da6f998a001b2524a6: {'bus': 2, 'car': 8, 'motorcycle': 2}
2025-10-28 21:06:31,283 - [OK] 56de42f611f398ec0c481299: {'car': 3}
2025-10-28 21:06:32,489 - [OK] 595dc29c3dcfc400106f2894: {'car': 7, 'bus': 1}
2025-10-28 21:06:32,587 - [OK] 66b1c426779f74001867415e: {'car': 13, 'truck': 1}
2025-10-28 21:06:32,689 - [OK] 6623f1046f998a001b2527db: {'car': 16, 'motorcycle': 1}
2025-10-28 21:06:32,787 - [OK] 5d9de4de766c880017188cbb: {}
2025-10-28 21:06:32,938 - [OK] 6623f44f6f998a001b2528aa: {'car': 9, 'truck': 1}
2025-10-28 21:06:33,076 - [OK] 662a881a1afb9c00172d2559: {'car': 19, 'truck': 1}
2025-10-28 21:06:33,198 - [OK] 6818833d6dfb4b0018f8ee9d: {}
2025-10-28 21:06:33,335 - [OK] 662b4ecb1afb9c00172d8692: {'motorcycle': 1, 'car': 2}
2025-10-28 21:06:34,553 - [OK] 5b8b2323ca057700116405d0: {'car': 12}
2025-10-28 21:06:34,685 - [OK] 5deb576d1dc17d7c5515ad15: {'car': 12, 'motorcycle': 2}
2025-10-28 21:06:34,804 - [OK] 68188a226dfb4b0018f8f70a: {'truck': 1, 'car': 2}
2025-10-28 21:06:34,932 - [OK] 681889a96dfb4b0018f8f67e: {}
2025-10-28 21:06:35,071 - [OK] 63ae7a50bfd3d90017e8f2b2: {'car': 1}
2025-10-28 21:06:35,230 - [OK] 587ee0ecb807da0011e33d50: {'car': 15, 'motorcycle': 1}
2025-10-28 21:06:35,385 - [OK] 56de42f611f398ec0c48128f: {'car': 16, 'motorcycle': 2}
2025-10-28 21:06:35,543 - [OK] 56de42f611f398ec0c4812a2: {'car': 13, 'truck': 5}
2025-10-28 21:06:36,794 - [OK] 63bd1f21bfd3d90017ec3d04: {'truck': 1, 'car': 1}
2025-10-28 21:06:36,942 - [OK] 58b571c817139d0010f35d5d: {'car': 5}
2025-10-28 21:06:37,079 - [OK] 58df4d95dc195800111e04b9: {'car': 4}
2025-10-28 21:06:37,223 - [OK] 586e28a0f9fab7001111b0b3: {'bus': 1, 'car': 10}
2025-10-28 21:06:37,368 - [OK] 595dd8463dcfc400106f28b2: {'bus': 2, 'car': 7}
2025-10-28 21:06:37,518 - [OK] 5d8cd4ee766c880017188946: {'car': 10, 'motorcycle': 10}
2025-10-28 21:06:37,668 - [OK] 662b81721afb9c00172dcc44: {'motorcycle': 17, 'car': 9}
2025-10-28 21:06:37,876 - [OK] 67e217c43215f90017863bc8: {'truck': 1}
2025-10-28 21:06:39,132 - [OK] 5a8269c45058170011f6eae4: {'car': 11, 'bus': 1, 'truck': 1}
2025-10-28 21:06:39,351 - [OK] 56de42f611f398ec0c481297: {'car': 29, 'bus': 2, 'truck': 1}
2025-10-28 21:06:39,476 - [OK] 66b1c3c2779f740018674125: {'car': 6, 'motorcycle': 7}
2025-10-28 21:06:39,606 - [OK] 5822adbbedeb6c0012a2d65f: {'car': 15, 'bus': 3, 'truck': 1}
2025-10-28 21:06:39,743 - [OK] 6623e43e6f998a001b2522cb: {'car': 12}
2025-10-28 21:06:39,884 - [OK] 5a823e425058170011f6eaa4: {'car': 8, 'motorcycle': 4}
2025-10-28 21:06:40,018 - [OK] 649da72ca6068200171a6dbb: {'car': 9, 'motorcycle': 2}
2025-10-28 21:06:40,132 - [OK] 5a6088218576340017d06693: {'car': 5, 'truck': 2, 'bus': 1}
2025-10-28 21:06:41,407 - [OK] 5deb576d1dc17d7c5515ad08: {'car': 13, 'motorcycle': 7, 'truck': 1}
2025-10-28 21:06:41,503 - [OK] 63b65fd8bfd3d90017eaa461: {'car': 5, 'motorcycle': 7}
2025-10-28 21:06:41,603 - [OK] 595dc70d3dcfc400106f289a: {'truck': 5, 'bus': 3, 'car': 8}
2025-10-28 21:06:41,699 - [OK] 587c79e9b807da0011e33d3d: {'car': 16}
2025-10-28 21:06:41,795 - [OK] 63b65ebebfd3d90017eaa3ae: {'truck': 1, 'car': 1}
2025-10-28 21:06:41,883 - [OK] 5874769eb807da0011e33cec: {'car': 11}
2025-10-28 21:06:41,980 - [OK] 63b660f8bfd3d90017eaa4ea: {'car': 2}
2025-10-28 21:06:42,074 - [OK] 58af994abd82540010390c37: {'car': 2, 'bus': 2}
2025-10-28 21:06:43,273 - [OK] 63ae7903bfd3d90017e8f211: {'car': 4}
2025-10-28 21:06:43,373 - [OK] 56df8108c062921100c143db: {'motorcycle': 3, 'car': 2}
2025-10-28 21:06:43,593 - [OK] 63ae7727bfd3d90017e8f14a: {'car': 7, 'motorcycle': 3}
2025-10-28 21:06:43,702 - [OK] 6623f36e6f998a001b252878: {'car': 6, 'truck': 1}
2025-10-28 21:06:43,927 - [OK] 5d9ddec9766c880017188c9c: {'car': 11, 'motorcycle': 5}
2025-10-28 21:06:44,032 - [OK] 5deb576d1dc17d7c5515ad02: {'car': 7}
2025-10-28 21:06:44,135 - [OK] 681885ff6dfb4b0018f8f1ee: {}
2025-10-28 21:06:44,239 - [OK] 63ae79aabfd3d90017e8f26a: {'car': 6, 'motorcycle': 7}
2025-10-28 21:06:45,465 - [OK] 5d8cd7fb766c880017188954: {'car': 3, 'motorcycle': 6}
2025-10-28 21:06:45,581 - [OK] 56de42f611f398ec0c481293: {'truck': 1, 'bus': 1, 'car': 3}
2025-10-28 21:06:45,702 - [OK] 63b66089bfd3d90017eaa4bd: {'car': 5}
2025-10-28 21:06:45,835 - [OK] 63ae798abfd3d90017e8f255: {'motorcycle': 4, 'car': 10, 'truck': 1, 'bus': 1}
2025-10-28 21:06:45,976 - [OK] 662a89f51afb9c00172d26ef: {'truck': 1, 'car': 1}
2025-10-28 21:06:46,099 - [OK] 6318287ec9eae60017a19f36: {'car': 2}
2025-10-28 21:06:46,221 - [OK] 6792f3058c5ed4001b27f58e: {'truck': 1, 'car': 1, 'bus': 1}
2025-10-28 21:06:46,342 - [OK] 587476e3b807da0011e33cee: {'car': 14, 'bus': 1, 'motorcycle': 2}
2025-10-28 21:06:47,582 - [OK] 597bf277faa7ea0011c7c29f: {}
2025-10-28 21:06:47,741 - [OK] 5d9de49d766c880017188cb9: {'car': 11}
2025-10-28 21:06:47,871 - [OK] 5d9ddf49766c880017188ca0: {'car': 9, 'truck': 1}
2025-10-28 21:06:48,081 - [OK] 63ae763bbfd3d90017e8f0c4: {'car': 14, 'bus': 1, 'truck': 1}
2025-10-28 21:06:48,264 - [OK] 5d8cda6a766c880017188960: {'car': 7, 'motorcycle': 1}
2025-10-28 21:06:48,424 - [OK] 662b80e81afb9c00172dcbec: {'car': 10}
2025-10-28 21:06:48,563 - [OK] 56df84abc062921100c143e5: {'car': 8, 'truck': 3}
2025-10-28 21:06:48,718 - [OK] 662a86a11afb9c00172d2410: {'bus': 3, 'motorcycle': 1, 'truck': 3, 'car': 2}
2025-10-28 21:06:49,965 - [OK] 5a6083198576340017d0667a: {'car': 2}
2025-10-28 21:06:50,104 - [OK] 56de42f611f398ec0c48128b: {'car': 1}
2025-10-28 21:06:50,237 - [OK] 58e49ff8d9d6200011e0b9d4: {'car': 10}
2025-10-28 21:06:50,357 - [OK] 681885a26dfb4b0018f8f176: {}
2025-10-28 21:06:50,483 - [OK] 5a8241105058170011f6eaa6: {'car': 6}
2025-10-28 21:06:50,597 - [OK] 65e054fb6b18080018db6632: {'car': 6, 'motorcycle': 3}
2025-10-28 21:06:50,750 - [OK] 5a825ded5058170011f6ead7: {}
2025-10-28 21:06:50,880 - [OK] 5d8cdb0a766c880017188964: {'bus': 3, 'truck': 2, 'car': 4, 'motorcycle': 15}
2025-10-28 21:06:52,404 - [OK] 68188bb96dfb4b0018f8fdbf: {'car': 1}
2025-10-28 21:06:52,563 - [OK] 5a6082698576340017d06678: {'car': 3, 'truck': 1}
2025-10-28 21:06:52,730 - [OK] 6792efe48c5ed4001b27f336: {'car': 1}
2025-10-28 21:06:52,860 - [OK] 63b5503bbfd3d90017ea7ccc: {'car': 2}
2025-10-28 21:06:52,984 - [OK] 662a873b1afb9c00172d2483: {'car': 1}
2025-10-28 21:06:53,119 - [OK] 66b1c3fa779f740018674146: {}
2025-10-28 21:06:53,265 - [OK] 5ad0621c98d8fc001102e268: {'car': 4, 'motorcycle': 3}
2025-10-28 21:06:53,393 - [OK] 66b1c34d779f74001867409e: {'car': 7, 'motorcycle': 1}
2025-10-28 21:06:54,638 - [OK] 595f89323dcfc400106f28ee: {'bus': 4, 'truck': 2, 'car': 5}
2025-10-28 21:06:54,742 - [OK] 56de42f611f398ec0c48128c: {'car': 2}
2025-10-28 21:06:54,839 - [OK] 662b558c1afb9c00172d8ed2: {'car': 8, 'motorcycle': 4, 'bus': 1}
2025-10-28 21:06:54,945 - [OK] 6623f4836f998a001b2528bf: {'truck': 1, 'car': 12}
2025-10-28 21:06:55,065 - [OK] 662b85bf1afb9c00172dd149: {'car': 9, 'motorcycle': 2}
2025-10-28 21:06:55,175 - [OK] 6818887f6dfb4b0018f8f54c: {'car': 1}
2025-10-28 21:06:55,318 - [OK] 63b54bcdbfd3d90017ea7a82: {'motorcycle': 1, 'truck': 1, 'car': 2}
2025-10-28 21:06:55,477 - [OK] 68eddd0a230ee50017d040b2: {'car': 5}
2025-10-28 21:06:55,981 - <BrokerConnection client_id=kafka-python-producer-1, node_id=1 host=localhost:9092 <connected> [IPv6 ('::1', 9092, 0, 0)]>: Closing connection. 
2025-10-28 21:07:23,018 - <BrokerConnection client_id=kafka-python-producer-1, node_id=bootstrap-0 host=localhost:9092 <connecting> [IPv6 ('::1', 9092, 0, 0)]>: connecting to localhost:9092 [('::1', 9092, 0, 0) IPv6]
2025-10-28 21:07:23,025 - <BrokerConnection client_id=kafka-python-producer-1, node_id=bootstrap-0 host=localhost:9092 <checking_api_versions_recv> [IPv6 ('::1', 9092, 0, 0)]>: Broker version identified as 2.6
2025-10-28 21:07:23,025 - <BrokerConnection client_id=kafka-python-producer-1, node_id=bootstrap-0 host=localhost:9092 <connected> [IPv6 ('::1', 9092, 0, 0)]>: Connection complete.
2025-10-28 21:07:24,157 - <BrokerConnection client_id=kafka-python-producer-1, node_id=1 host=localhost:9092 <connecting> [IPv6 ('::1', 9092, 0, 0)]>: connecting to localhost:9092 [('::1', 9092, 0, 0) IPv6]
2025-10-28 21:07:24,158 - <BrokerConnection client_id=kafka-python-producer-1, node_id=1 host=localhost:9092 <connected> [IPv6 ('::1', 9092, 0, 0)]>: Connection complete.
2025-10-28 21:07:24,158 - <BrokerConnection client_id=kafka-python-producer-1, node_id=bootstrap-0 host=localhost:9092 <connected> [IPv6 ('::1', 9092, 0, 0)]>: Closing connection. 
2025-10-28 21:07:24,164 - [OK] 5a6065c58576340017d06615: {'motorcycle': 2, 'car': 1}
2025-10-28 21:07:24,260 - [OK] 662b86c41afb9c00172dd31c: {'car': 10, 'motorcycle': 8}
2025-10-28 21:07:24,355 - [OK] 6623f4df6f998a001b2528eb: {'car': 5, 'truck': 1, 'bus': 1}
2025-10-28 21:07:24,516 - [OK] 583f969161cfea0012cf68f7: {'truck': 1, 'car': 9}
2025-10-28 21:07:24,609 - [OK] 662b7ce71afb9c00172dc676: {'bus': 2, 'car': 7, 'motorcycle': 2}
2025-10-28 21:07:24,703 - [OK] 59ca317602eb490011a0a408: {'car': 4, 'truck': 1}
2025-10-28 21:07:24,847 - [OK] 6623e8da6f998a001b2524a6: {'car': 1, 'motorcycle': 1}
2025-10-28 21:07:24,949 - [OK] 66b1c426779f74001867415e: {'car': 13, 'motorcycle': 2}
2025-10-28 21:07:25,186 - [OK] 56de42f611f398ec0c481299: {'car': 10, 'motorcycle': 2}
2025-10-28 21:07:25,277 - [OK] 595dc29c3dcfc400106f2894: {'car': 9, 'truck': 1, 'bus': 2}
2025-10-28 21:07:27,099 - [OK] 6623f1046f998a001b2527db: {'car': 6, 'motorcycle': 2}
2025-10-28 21:07:27,195 - [OK] 6623f44f6f998a001b2528aa: {'car': 14, 'truck': 1}
2025-10-28 21:07:27,285 - [OK] 5d9de4de766c880017188cbb: {}
2025-10-28 21:07:27,485 - [OK] 6818833d6dfb4b0018f8ee9d: {}
2025-10-28 21:07:27,579 - [OK] 662b4ecb1afb9c00172d8692: {'motorcycle': 1}
2025-10-28 21:07:27,675 - [OK] 662a881a1afb9c00172d2559: {'car': 12}
2025-10-28 21:07:27,763 - [OK] 5deb576d1dc17d7c5515ad15: {'car': 6}
2025-10-28 21:07:27,883 - [OK] 5b8b2323ca057700116405d0: {'car': 21, 'truck': 1}
2025-10-28 21:07:27,979 - [OK] 68188a226dfb4b0018f8f70a: {'car': 7, 'motorcycle': 1}
2025-10-28 21:07:28,069 - [OK] 681889a96dfb4b0018f8f67e: {'car': 6}
2025-10-28 21:07:29,668 - [OK] 56de42f611f398ec0c48128f: {'car': 8}
2025-10-28 21:07:29,772 - [OK] 587ee0ecb807da0011e33d50: {'car': 10, 'motorcycle': 1}
2025-10-28 21:07:29,874 - [OK] 63ae7a50bfd3d90017e8f2b2: {'car': 10}
2025-10-28 21:07:29,974 - [OK] 56de42f611f398ec0c4812a2: {'car': 4, 'truck': 6}
2025-10-28 21:07:30,626 - [OK] 63bd1f21bfd3d90017ec3d04: {'car': 4}
2025-10-28 21:07:31,182 - [OK] 58b571c817139d0010f35d5d: {'car': 3}
2025-10-28 21:07:31,319 - [OK] 586e28a0f9fab7001111b0b3: {'car': 7}
2025-10-28 21:07:31,402 - [OK] 58df4d95dc195800111e04b9: {'car': 4}
2025-10-28 21:07:31,497 - [OK] 595dd8463dcfc400106f28b2: {'car': 4, 'truck': 3}
2025-10-28 21:07:31,627 - [OK] 5d8cd4ee766c880017188946: {'car': 5, 'motorcycle': 3}
2025-10-28 21:07:32,996 - [OK] 662b81721afb9c00172dcc44: {'motorcycle': 19, 'car': 7, 'truck': 1}
2025-10-28 21:07:33,161 - [OK] 66b1c3c2779f740018674125: {'car': 18, 'motorcycle': 2, 'truck': 1}
2025-10-28 21:07:33,246 - [OK] 5a8269c45058170011f6eae4: {'car': 19}
2025-10-28 21:07:33,339 - [OK] 67e217c43215f90017863bc8: {}
2025-10-28 21:07:33,428 - [OK] 56de42f611f398ec0c481297: {'car': 2}
2025-10-28 21:07:33,535 - [OK] 6623e43e6f998a001b2522cb: {'car': 1, 'motorcycle': 1}
2025-10-28 21:07:33,623 - [OK] 5822adbbedeb6c0012a2d65f: {'car': 7, 'bus': 2, 'truck': 1, 'motorcycle': 1}
2025-10-28 21:07:33,712 - [OK] 5a823e425058170011f6eaa4: {'motorcycle': 5, 'car': 7}
2025-10-28 21:07:33,801 - [OK] 649da72ca6068200171a6dbb: {'car': 11, 'bus': 1, 'truck': 1, 'motorcycle': 1}
2025-10-28 21:07:33,891 - [OK] 5a6088218576340017d06693: {}
2025-10-28 21:07:35,534 - [OK] 63b65fd8bfd3d90017eaa461: {'car': 2}
2025-10-28 21:07:35,625 - [OK] 5deb576d1dc17d7c5515ad08: {'motorcycle': 4, 'car': 3}
2025-10-28 21:07:35,717 - [OK] 595dc70d3dcfc400106f289a: {'car': 9, 'bus': 6, 'truck': 3}
2025-10-28 21:07:35,818 - [OK] 587c79e9b807da0011e33d3d: {'car': 10}
2025-10-28 21:07:35,918 - [OK] 63b65ebebfd3d90017eaa3ae: {'motorcycle': 2, 'car': 1}
2025-10-28 21:07:36,012 - [OK] 5874769eb807da0011e33cec: {'car': 4, 'motorcycle': 5}
2025-10-28 21:07:36,128 - [OK] 63b660f8bfd3d90017eaa4ea: {}
2025-10-28 21:07:36,310 - [OK] 58af994abd82540010390c37: {'car': 9, 'truck': 5, 'bus': 2}
2025-10-28 21:07:36,555 - [OK] 63ae7903bfd3d90017e8f211: {'car': 9, 'motorcycle': 2}
2025-10-28 21:07:36,643 - [OK] 56df8108c062921100c143db: {}
2025-10-28 21:07:38,441 - [OK] 63ae7727bfd3d90017e8f14a: {'car': 11, 'truck': 2, 'motorcycle': 1}
2025-10-28 21:07:38,532 - [OK] 5d9ddec9766c880017188c9c: {'car': 11, 'motorcycle': 13}
2025-10-28 21:07:38,831 - [OK] 5deb576d1dc17d7c5515ad02: {'car': 14, 'truck': 1, 'motorcycle': 2, 'bus': 1}
2025-10-28 21:07:38,911 - [OK] 681885ff6dfb4b0018f8f1ee: {}
2025-10-28 21:07:39,763 - [OK] 63ae79aabfd3d90017e8f26a: {'car': 5}
2025-10-28 21:07:39,851 - [OK] 6623f36e6f998a001b252878: {'car': 3}
2025-10-28 21:07:40,222 - [OK] 63b66089bfd3d90017eaa4bd: {'car': 3}
2025-10-28 21:07:40,308 - [OK] 56de42f611f398ec0c481293: {'truck': 1, 'car': 1}
2025-10-28 21:07:40,394 - [OK] 5d8cd7fb766c880017188954: {'car': 5}
2025-10-28 21:07:40,483 - [OK] 63ae798abfd3d90017e8f255: {'car': 7, 'bus': 3, 'motorcycle': 3, 'truck': 1}
2025-10-28 21:07:42,078 - [OK] 6318287ec9eae60017a19f36: {'car': 5, 'truck': 1}
2025-10-28 21:07:42,186 - [OK] 662a89f51afb9c00172d26ef: {'bus': 1, 'motorcycle': 7, 'car': 3}
2025-10-28 21:07:42,354 - [OK] 6792f3058c5ed4001b27f58e: {'bus': 1, 'truck': 1}
2025-10-28 21:07:42,451 - [OK] 587476e3b807da0011e33cee: {'car': 10, 'bus': 1, 'truck': 1}
2025-10-28 21:07:42,546 - [OK] 597bf277faa7ea0011c7c29f: {'car': 1}
2025-10-28 21:07:42,729 - [OK] 5d9de49d766c880017188cb9: {'car': 7}
2025-10-28 21:07:42,819 - [OK] 5d9ddf49766c880017188ca0: {'car': 12, 'truck': 3, 'bus': 1}
2025-10-28 21:07:43,095 - [OK] 63ae763bbfd3d90017e8f0c4: {'car': 12}
2025-10-28 21:07:43,227 - [OK] 5d8cda6a766c880017188960: {'car': 16, 'bus': 2, 'truck': 1}
2025-10-28 21:07:43,337 - [OK] 662b80e81afb9c00172dcbec: {'car': 9, 'motorcycle': 1}
2025-10-28 21:07:44,895 - [OK] 56df84abc062921100c143e5: {'car': 3, 'bus': 1, 'truck': 2}
2025-10-28 21:07:45,059 - [OK] 662a86a11afb9c00172d2410: {'bus': 1, 'car': 5, 'truck': 1}
2025-10-28 21:07:45,175 - [OK] 5a6083198576340017d0667a: {'car': 7}
2025-10-28 21:07:45,296 - [OK] 56de42f611f398ec0c48128b: {}
2025-10-28 21:07:45,436 - [OK] 58e49ff8d9d6200011e0b9d4: {'car': 9, 'motorcycle': 2}
2025-10-28 21:07:45,590 - [OK] 681885a26dfb4b0018f8f176: {}
2025-10-28 21:07:45,734 - [OK] 5a8241105058170011f6eaa6: {'car': 5}
2025-10-28 21:07:45,868 - [OK] 65e054fb6b18080018db6632: {'motorcycle': 7}
2025-10-28 21:07:45,993 - [OK] 5a825ded5058170011f6ead7: {}
2025-10-28 21:07:46,126 - [OK] 5d8cdb0a766c880017188964: {'car': 6, 'motorcycle': 12, 'bus': 2, 'truck': 1}
2025-10-28 21:07:47,423 - [OK] 68188bb96dfb4b0018f8fdbf: {'car': 1}
2025-10-28 21:07:47,515 - [OK] 5a6082698576340017d06678: {'bus': 1, 'truck': 1, 'car': 4, 'motorcycle': 1}
2025-10-28 21:07:47,626 - [OK] 6792efe48c5ed4001b27f336: {'car': 1}
2025-10-28 21:07:47,736 - [OK] 63b5503bbfd3d90017ea7ccc: {}
2025-10-28 21:07:47,847 - [OK] 662a873b1afb9c00172d2483: {'car': 3, 'truck': 2}
2025-10-28 21:07:47,946 - [OK] 66b1c3fa779f740018674146: {'car': 2, 'motorcycle': 7}
2025-10-28 21:07:48,053 - [OK] 5ad0621c98d8fc001102e268: {'car': 3, 'motorcycle': 7, 'truck': 1}
2025-10-28 21:07:48,188 - [OK] 66b1c34d779f74001867409e: {'car': 15, 'motorcycle': 2, 'bus': 2}
2025-10-28 21:07:48,617 - [OK] 595f89323dcfc400106f28ee: {'car': 3, 'truck': 7, 'bus': 3}
2025-10-28 21:07:48,711 - [OK] 56de42f611f398ec0c48128c: {'car': 9, 'bus': 1}
2025-10-28 21:07:49,998 - [OK] 6623f4836f998a001b2528bf: {'car': 4, 'truck': 7, 'bus': 1}
2025-10-28 21:07:50,101 - [OK] 662b85bf1afb9c00172dd149: {'car': 16, 'truck': 2, 'motorcycle': 4}
2025-10-28 21:07:50,213 - [OK] 662b558c1afb9c00172d8ed2: {'car': 2, 'motorcycle': 1}
2025-10-28 21:07:50,308 - [OK] 6818887f6dfb4b0018f8f54c: {'bus': 1, 'car': 4, 'truck': 1}
2025-10-28 21:07:50,411 - [OK] 63b54bcdbfd3d90017ea7a82: {'car': 5, 'truck': 1}
2025-10-28 21:07:50,589 - [OK] 68a587d54e89b100173b6021: {'car': 6}
2025-10-28 21:07:50,678 - [OK] 68eddd0a230ee50017d040b2: {'car': 3, 'truck': 1}
2025-10-28 21:07:50,770 - [OK] 5b5995a3fd4edb0019c7d9ab: {'car': 2, 'motorcycle': 1}
2025-10-28 21:07:50,857 - [OK] 662b81a31afb9c00172dcc65: {}
2025-10-28 21:07:50,945 - [OK] 63ae7b3cbfd3d90017e8f34d: {'truck': 1, 'car': 1}
2025-10-28 21:07:52,937 - [OK] 58746488b807da0011e33cd7: {'car': 20, 'bus': 1, 'truck': 2}
2025-10-28 21:07:53,026 - [OK] 6318283cc9eae60017a19f0c: {'car': 2, 'motorcycle': 1}
2025-10-28 21:07:53,120 - [OK] 5deb576d1dc17d7c5515acf6: {'car': 3, 'truck': 1, 'bus': 1, 'motorcycle': 1}
2025-10-28 21:07:53,234 - [OK] 5822b5ededeb6c0012a2d66a: {'car': 19, 'truck': 1, 'motorcycle': 6, 'bus': 1}
2025-10-28 21:07:53,320 - [OK] 63b660d8bfd3d90017eaa4d5: {}
2025-10-28 21:07:53,411 - [OK] 63ae7be0bfd3d90017e8f3a8: {'car': 6, 'motorcycle': 2, 'bus': 1}
2025-10-28 21:07:53,496 - [OK] 63b54a04bfd3d90017ea783e: {'car': 3, 'motorcycle': 1}
2025-10-28 21:07:53,709 - [OK] 5a8267fe5058170011f6eae1: {}
2025-10-28 21:07:53,792 - [OK] 63b54f70bfd3d90017ea7c86: {'car': 8, 'truck': 1, 'bus': 1}
2025-10-28 21:07:53,892 - [OK] 595d984b3dcfc400106f2879: {'bus': 3, 'car': 6, 'truck': 1}
2025-10-28 21:07:56,653 - [OK] 58746122b807da0011e33cc5: {'car': 4, 'bus': 1}
2025-10-28 21:07:56,791 - [OK] 662b7f651afb9c00172dc992: {'car': 3}
2025-10-28 21:07:56,889 - [OK] 63ae768dbfd3d90017e8f0f1: {'car': 5, 'truck': 2, 'motorcycle': 1}
2025-10-28 21:07:56,987 - [OK] 6818884f6dfb4b0018f8f50f: {'car': 2, 'truck': 1}
2025-10-28 21:07:57,079 - [OK] 662a89ae1afb9c00172d26ad: {'car': 3}
2025-10-28 21:07:57,236 - [OK] 63b54a70bfd3d90017ea7862: {'car': 3, 'motorcycle': 1}
2025-10-28 21:07:57,325 - [OK] 58e49783d9d6200011e0b9ce: {'car': 3, 'motorcycle': 4}
2025-10-28 21:07:57,414 - [OK] 5deb576d1dc17d7c5515ad0c: {'car': 2, 'motorcycle': 1}
2025-10-28 21:07:57,505 - [OK] 6623ef776f998a001b252768: {'car': 13, 'motorcycle': 2}
2025-10-28 21:07:57,690 - [OK] 58d7bbf2c1e33c00112b3216: {'car': 7, 'truck': 1}
2025-10-28 21:07:58,948 - [OK] 585b2baec3f96200127dc508: {'truck': 1, 'bus': 1, 'car': 7}
2025-10-28 21:07:59,043 - [OK] 58746295b807da0011e33ccb: {'car': 5}
2025-10-28 21:07:59,144 - [OK] 662b51d21afb9c00172d89bf: {'car': 3}
2025-10-28 21:07:59,235 - [OK] 5a606cd08576340017d06628: {'bus': 1, 'car': 5}
2025-10-28 21:07:59,379 - [OK] 662b80051afb9c00172dcaf6: {'car': 4, 'motorcycle': 1}
2025-10-28 21:07:59,504 - [OK] 589d0bceb3bf7600110283d6: {}
2025-10-28 21:07:59,618 - [OK] 587ee2aeb807da0011e33d52: {'car': 12, 'motorcycle': 10}
2025-10-28 21:07:59,725 - [OK] 662b5bc31afb9c00172d92e2: {'car': 12, 'bus': 1, 'motorcycle': 2}
2025-10-28 21:07:59,829 - [OK] 5874644cb807da0011e33cd5: {}
2025-10-28 21:07:59,946 - [OK] 662b58401afb9c00172d90f5: {'truck': 1, 'car': 14}
2025-10-28 21:08:01,290 - [OK] 68188af96dfb4b0018f8f8e4: {'car': 1}
2025-10-28 21:08:01,391 - [OK] 5a10c79f02eb490011a0b0dd: {'car': 6}
2025-10-28 21:08:01,494 - [OK] 662b867b1afb9c00172dd250: {'car': 8}
2025-10-28 21:08:01,628 - [OK] 662b83ff1afb9c00172dcffb: {'car': 22, 'motorcycle': 1}
2025-10-28 21:08:01,869 - [OK] 589add0fb3bf7600110283ae: {'truck': 1}
2025-10-28 21:08:02,022 - [OK] 5b6329fdfd4edb0019c7dc0b: {'car': 4, 'motorcycle': 6, 'truck': 1}
2025-10-28 21:08:02,143 - [OK] 5deb576d1dc17d7c5515ad19: {'car': 8, 'motorcycle': 3}
2025-10-28 21:08:02,294 - [OK] 5deb576d1dc17d7c5515ad01: {'car': 9, 'motorcycle': 4, 'truck': 1}
2025-10-28 21:08:02,427 - [OK] 58abbf72bd82540010390ba4: {'car': 5}
2025-10-28 21:08:02,559 - [OK] 6623f1f16f998a001b25281f: {'car': 5, 'truck': 1, 'motorcycle': 1}
2025-10-28 21:08:03,874 - [OK] 5a606dbc8576340017d0662b: {'car': 19, 'bus': 1, 'truck': 2}
2025-10-28 21:08:03,987 - [OK] 5a8257e25058170011f6eacd: {'car': 1}
2025-10-28 21:08:04,177 - [OK] 58ad6961bd82540010390be5: {'motorcycle': 25, 'car': 3}
2025-10-28 21:08:04,414 - [OK] 662b52a31afb9c00172d8b01: {'car': 4, 'bus': 3, 'motorcycle': 1}
2025-10-28 21:08:04,615 - [OK] 58abbee5bd82540010390ba2: {'car': 3}
2025-10-28 21:08:04,828 - [OK] 662a8ef41afb9c00172d2af2: {'car': 3}
2025-10-28 21:08:05,025 - [OK] 6623f5b56f998a001b25292f: {'car': 9, 'truck': 2, 'bus': 1, 'motorcycle': 1}
2025-10-28 21:08:05,237 - [OK] 66b1c398779f7400186740e3: {'car': 11}
2025-10-28 21:08:05,727 - [OK] 6623e31e6f998a001b252250: {'car': 3}
2025-10-28 21:08:05,923 - [OK] 58d7b756c1e33c00112b320d: {'car': 7}
2025-10-28 21:08:07,559 - [OK] 6792f3cf8c5ed4001b27f61e: {'car': 10, 'truck': 1}
2025-10-28 21:08:07,771 - [OK] 5deb576d1dc17d7c5515acfe: {'car': 7, 'motorcycle': 6}
2025-10-28 21:08:08,068 - [OK] 58d7b3e8c1e33c00112b3207: {'car': 3, 'truck': 1}
2025-10-28 21:08:08,310 - [OK] 58e49e3dd9d6200011e0b9d1: {'car': 5, 'motorcycle': 5}
2025-10-28 21:08:08,562 - [OK] 5d8cdc57766c88001718896e: {'car': 18, 'truck': 1, 'bus': 1, 'motorcycle': 2}
2025-10-28 21:08:08,806 - [OK] 58df4e22dc195800111e04bb: {'car': 14, 'truck': 4, 'motorcycle': 1, 'bus': 1}
2025-10-28 21:08:09,061 - [OK] 66f1266f538c780017c93579: {'car': 26, 'truck': 1, 'bus': 1}
2025-10-28 21:08:09,326 - [OK] 5ad0679598d8fc001102e274: {'car': 7, 'motorcycle': 6}
2025-10-28 21:08:09,578 - [OK] 5a824b6c5058170011f6eaab: {'car': 9, 'bus': 1}
2025-10-28 21:08:09,790 - [OK] 58175ac4edeb6c0012a2d5bb: {'truck': 2, 'car': 2}
2025-10-28 21:08:11,433 - [OK] 56de42f611f398ec0c481288: {'car': 3}
2025-10-28 21:08:11,540 - [OK] 6623f0576f998a001b2527ac: {'car': 10, 'motorcycle': 4}
2025-10-28 21:08:11,667 - [OK] 62da3e840637a10017d7073d: {'bus': 1, 'car': 17}
2025-10-28 21:08:11,780 - [OK] 5d8cd614766c88001718894a: {'motorcycle': 3, 'car': 2}
2025-10-28 21:08:11,896 - [OK] 5a824f975058170011f6eab8: {'car': 8, 'motorcycle': 2}
2025-10-28 21:08:12,013 - [OK] 5a824c3e5058170011f6eaae: {'car': 3, 'motorcycle': 10, 'truck': 2}
2025-10-28 21:08:12,129 - [OK] 5deb576d1dc17d7c5515acf9: {'motorcycle': 11}
2025-10-28 21:08:12,263 - [OK] 587470c2b807da0011e33ce4: {'car': 1}
2025-10-28 21:08:12,441 - [OK] 68188cbf6dfb4b0018f900e9: {'bus': 2, 'truck': 1, 'car': 3, 'motorcycle': 2}
2025-10-28 21:08:12,523 - [OK] 67e217ea3215f90017863bf1: {}
2025-10-28 21:08:13,893 - [OK] 662b7f251afb9c00172dc8bc: {}
2025-10-28 21:08:13,981 - [OK] 584e734a61cfea0012cf694f: {'car': 3, 'truck': 1}
2025-10-28 21:08:14,234 - [OK] 6623ec826f998a001b252686: {'car': 7, 'bus': 1, 'truck': 1, 'motorcycle': 1}
2025-10-28 21:08:14,320 - [OK] 68ede6d0230ee50017d04d4c: {'motorcycle': 2, 'car': 6, 'truck': 1}
2025-10-28 21:08:14,412 - [OK] 5deb576d1dc17d7c5515ad23: {'car': 10, 'motorcycle': 10}
2025-10-28 21:08:14,578 - [OK] 6818863c6dfb4b0018f8f235: {}
2025-10-28 21:08:14,668 - [OK] 589ad89eb3bf7600110283ac: {'car': 9}
2025-10-28 21:08:15,306 - [OK] 5b87c386ca057700116404a6: {'car': 10}
2025-10-28 21:08:15,393 - [OK] 662b5adc1afb9c00172d925b: {'car': 6, 'truck': 1, 'bus': 1}
2025-10-28 21:08:15,561 - [OK] 5701e22bc4350a1100e26f6c: {'car': 6, 'motorcycle': 11}
2025-10-28 21:08:16,889 - [OK] 6623e8406f998a001b252465: {'car': 10, 'motorcycle': 2}
2025-10-28 21:08:16,983 - [OK] 5875cef0b807da0011e33d14: {'car': 15, 'motorcycle': 5}
2025-10-28 21:08:17,074 - [OK] 5d8cd542766c880017188948: {}
2025-10-28 21:08:17,164 - [OK] 68188a816dfb4b0018f8f769: {'car': 4}
2025-10-28 21:08:17,308 - [OK] 5a823d555058170011f6eaa2: {'car': 5}
2025-10-28 21:08:17,397 - [OK] 595da2853dcfc400106f2883: {'truck': 3, 'car': 4}
2025-10-28 21:08:17,481 - [OK] 587c8183b807da0011e33d3f: {'car': 12}
2025-10-28 21:09:26,631 - <BrokerConnection client_id=kafka-python-producer-1, node_id=bootstrap-0 host=localhost:9092 <connecting> [IPv6 ('::1', 9092, 0, 0)]>: connecting to localhost:9092 [('::1', 9092, 0, 0) IPv6]
2025-10-28 21:09:26,646 - <BrokerConnection client_id=kafka-python-producer-1, node_id=bootstrap-0 host=localhost:9092 <checking_api_versions_recv> [IPv6 ('::1', 9092, 0, 0)]>: Broker version identified as 2.6
2025-10-28 21:09:26,646 - <BrokerConnection client_id=kafka-python-producer-1, node_id=bootstrap-0 host=localhost:9092 <connected> [IPv6 ('::1', 9092, 0, 0)]>: Connection complete.
2025-10-28 21:09:28,936 - <BrokerConnection client_id=kafka-python-producer-1, node_id=1 host=localhost:9092 <connecting> [IPv6 ('::1', 9092, 0, 0)]>: connecting to localhost:9092 [('::1', 9092, 0, 0) IPv6]
2025-10-28 21:09:28,937 - <BrokerConnection client_id=kafka-python-producer-1, node_id=1 host=localhost:9092 <connected> [IPv6 ('::1', 9092, 0, 0)]>: Connection complete.
2025-10-28 21:09:28,937 - <BrokerConnection client_id=kafka-python-producer-1, node_id=bootstrap-0 host=localhost:9092 <connected> [IPv6 ('::1', 9092, 0, 0)]>: Closing connection. 
2025-10-28 21:09:28,947 - [OK] 5a6065c58576340017d06615: {'motorcycle': 1}
2025-10-28 21:09:29,133 - [OK] 6623f4df6f998a001b2528eb: {'car': 11, 'bus': 2, 'truck': 1}
2025-10-28 21:09:29,315 - [OK] 662b86c41afb9c00172dd31c: {'motorcycle': 17, 'car': 4}
2025-10-28 21:09:29,683 - [OK] 59ca317602eb490011a0a408: {'car': 4}
2025-10-28 21:09:29,848 - [OK] 583f969161cfea0012cf68f7: {'car': 1}
2025-10-28 21:09:30,037 - [OK] 662b7ce71afb9c00172dc676: {'car': 20, 'bus': 1}
2025-10-28 21:09:30,186 - [OK] 6623e8da6f998a001b2524a6: {'motorcycle': 7, 'bus': 1, 'car': 4}
2025-10-28 21:09:30,337 - [OK] 56de42f611f398ec0c481299: {'car': 16, 'motorcycle': 7, 'truck': 1}
2025-10-28 21:09:31,749 - [OK] 6623f1046f998a001b2527db: {'car': 7, 'bus': 2}
2025-10-28 21:09:31,894 - [OK] 66b1c426779f74001867415e: {'car': 8}
2025-10-28 21:09:32,048 - [OK] 595dc29c3dcfc400106f2894: {'truck': 3, 'car': 13, 'bus': 1}
2025-10-28 21:09:33,080 - [OK] 5d9de4de766c880017188cbb: {}
2025-10-28 21:09:33,538 - [OK] 6623f44f6f998a001b2528aa: {'car': 15, 'bus': 1, 'motorcycle': 1}
2025-10-28 21:09:33,673 - [OK] 662a881a1afb9c00172d2559: {'motorcycle': 3, 'car': 8}
2025-10-28 21:09:33,796 - [OK] 6818833d6dfb4b0018f8ee9d: {}
2025-10-28 21:09:34,190 - [OK] 662b4ecb1afb9c00172d8692: {'motorcycle': 1, 'car': 2}
2025-10-28 21:09:35,587 - [OK] 5b8b2323ca057700116405d0: {'car': 3}
2025-10-28 21:09:35,752 - [OK] 68188a226dfb4b0018f8f70a: {'car': 5, 'truck': 2}
2025-10-28 21:09:35,899 - [OK] 5deb576d1dc17d7c5515ad15: {'car': 12}
2025-10-28 21:09:36,061 - [OK] 681889a96dfb4b0018f8f67e: {}
2025-10-28 21:09:36,740 - [OK] 587ee0ecb807da0011e33d50: {'car': 9}
2025-10-28 21:09:36,908 - [OK] 63ae7a50bfd3d90017e8f2b2: {'car': 8}
2025-10-28 21:09:37,041 - [OK] 56de42f611f398ec0c48128f: {}
2025-10-28 21:09:37,159 - [OK] 56de42f611f398ec0c4812a2: {'car': 2}
2025-10-28 21:09:38,519 - [OK] 63bd1f21bfd3d90017ec3d04: {'car': 5, 'motorcycle': 2}
2025-10-28 21:09:38,674 - [OK] 58df4d95dc195800111e04b9: {'car': 2}
2025-10-28 21:09:38,825 - [OK] 58b571c817139d0010f35d5d: {'car': 2}
2025-10-28 21:09:38,950 - [OK] 586e28a0f9fab7001111b0b3: {'car': 11}
2025-10-28 21:09:39,501 - [OK] 595dd8463dcfc400106f28b2: {'car': 3, 'bus': 1, 'truck': 1}
2025-10-28 21:09:39,853 - [OK] 662b81721afb9c00172dcc44: {'car': 9, 'motorcycle': 6}
2025-10-28 21:09:40,036 - [OK] 67e217c43215f90017863bc8: {'car': 1, 'truck': 1}
2025-10-28 21:09:40,364 - [OK] 5d8cd4ee766c880017188946: {'motorcycle': 8, 'car': 7}
2025-10-28 21:09:41,786 - [OK] 5a8269c45058170011f6eae4: {'bus': 1, 'car': 4, 'truck': 1, 'motorcycle': 1}
2025-10-28 21:09:42,058 - [OK] 56de42f611f398ec0c481297: {'car': 8}
2025-10-28 21:09:42,302 - [OK] 66b1c3c2779f740018674125: {'motorcycle': 14, 'car': 6}
2025-10-28 21:09:42,464 - [OK] 5822adbbedeb6c0012a2d65f: {'car': 16, 'truck': 1, 'bus': 2, 'motorcycle': 1}
2025-10-28 21:09:42,631 - [OK] 6623e43e6f998a001b2522cb: {'car': 22, 'bus': 2}
2025-10-28 21:09:42,849 - [OK] 5a823e425058170011f6eaa4: {'truck': 2, 'car': 4}
2025-10-28 21:09:43,183 - [OK] 649da72ca6068200171a6dbb: {'car': 13, 'motorcycle': 5}
2025-10-28 21:09:43,408 - [OK] 5a6088218576340017d06693: {'truck': 2, 'car': 2, 'motorcycle': 1, 'bus': 1}
2025-10-28 21:09:44,815 - [OK] 595dc70d3dcfc400106f289a: {'bus': 4, 'car': 18, 'truck': 4}
2025-10-28 21:09:45,001 - [OK] 63b65fd8bfd3d90017eaa461: {'car': 11, 'motorcycle': 4}
2025-10-28 21:09:45,159 - [OK] 5deb576d1dc17d7c5515ad08: {'car': 6, 'truck': 1, 'motorcycle': 11}
2025-10-28 21:09:45,313 - [OK] 587c79e9b807da0011e33d3d: {'car': 6}
2025-10-28 21:09:45,463 - [OK] 63b65ebebfd3d90017eaa3ae: {'car': 6, 'motorcycle': 5}
2025-10-28 21:09:45,591 - [OK] 5874769eb807da0011e33cec: {'car': 8}
2025-10-28 21:09:45,808 - [OK] 63b660f8bfd3d90017eaa4ea: {'car': 1}
2025-10-28 21:09:45,969 - [OK] 58af994abd82540010390c37: {'car': 2, 'bus': 1}
2025-10-28 21:09:47,483 - [OK] 56df8108c062921100c143db: {}
2025-10-28 21:09:47,588 - [OK] 63ae7903bfd3d90017e8f211: {'car': 7, 'motorcycle': 3}
2025-10-28 21:09:47,687 - [OK] 63ae7727bfd3d90017e8f14a: {'car': 21, 'motorcycle': 3}
2025-10-28 21:09:47,772 - [OK] 6623f36e6f998a001b252878: {'car': 14}
2025-10-28 21:09:47,866 - [OK] 5d9ddec9766c880017188c9c: {'car': 6, 'motorcycle': 2}
2025-10-28 21:09:48,072 - [OK] 681885ff6dfb4b0018f8f1ee: {}
2025-10-28 21:09:48,155 - [OK] 5deb576d1dc17d7c5515ad02: {'car': 4, 'motorcycle': 10}
2025-10-28 21:09:48,239 - [OK] 63ae79aabfd3d90017e8f26a: {'motorcycle': 7, 'bus': 2, 'car': 3}
2025-10-28 21:09:49,617 - [OK] 63b66089bfd3d90017eaa4bd: {}
2025-10-28 21:09:49,711 - [OK] 5d8cd7fb766c880017188954: {'car': 3}
2025-10-28 21:09:49,806 - [OK] 56de42f611f398ec0c481293: {'truck': 1, 'car': 5}
2025-10-28 21:09:50,130 - [OK] 63ae798abfd3d90017e8f255: {'truck': 1, 'motorcycle': 6, 'car': 5, 'bus': 1}
2025-10-28 21:09:50,248 - [OK] 662a89f51afb9c00172d26ef: {'truck': 1, 'car': 4}
2025-10-28 21:09:50,407 - [OK] 6318287ec9eae60017a19f36: {'car': 6}
2025-10-28 21:09:50,592 - [OK] 6792f3058c5ed4001b27f58e: {'car': 4, 'truck': 1}
2025-10-28 21:09:50,772 - [OK] 587476e3b807da0011e33cee: {'car': 33, 'bus': 1, 'motorcycle': 3}
2025-10-28 21:09:52,518 - [OK] 597bf277faa7ea0011c7c29f: {'car': 1}
2025-10-28 21:09:52,620 - [OK] 5d9de49d766c880017188cb9: {'car': 3}
2025-10-28 21:09:52,718 - [OK] 5d9ddf49766c880017188ca0: {'car': 5}
2025-10-28 21:09:52,889 - [OK] 63ae763bbfd3d90017e8f0c4: {'car': 6, 'motorcycle': 4}
2025-10-28 21:09:52,980 - [OK] 5d8cda6a766c880017188960: {'car': 15, 'bus': 2, 'truck': 1}
2025-10-28 21:09:53,136 - [OK] 662b80e81afb9c00172dcbec: {'car': 5, 'motorcycle': 1}
2025-10-28 21:09:53,236 - [OK] 56df84abc062921100c143e5: {'truck': 2, 'car': 4, 'bus': 1}
2025-10-28 21:09:53,348 - [OK] 662a86a11afb9c00172d2410: {'car': 15, 'truck': 1, 'bus': 2}
2025-10-28 21:09:55,045 - [OK] 5a6083198576340017d0667a: {'car': 6}
2025-10-28 21:09:55,136 - [OK] 58e49ff8d9d6200011e0b9d4: {'bus': 1, 'car': 7}
2025-10-28 21:09:55,227 - [OK] 56de42f611f398ec0c48128b: {'car': 2}
2025-10-28 21:09:55,338 - [OK] 681885a26dfb4b0018f8f176: {}
2025-10-28 21:09:55,442 - [OK] 5a8241105058170011f6eaa6: {'car': 14}
2025-10-28 21:09:55,537 - [OK] 65e054fb6b18080018db6632: {'car': 1}
2025-10-28 21:09:55,628 - [OK] 5a825ded5058170011f6ead7: {'car': 1}
2025-10-28 21:09:55,800 - [OK] 5d8cdb0a766c880017188964: {'motorcycle': 2, 'car': 15, 'truck': 3}
2025-10-28 21:09:57,533 - [OK] 68188bb96dfb4b0018f8fdbf: {'car': 1}
2025-10-28 21:09:57,627 - [OK] 5a6082698576340017d06678: {'car': 8, 'bus': 1}
2025-10-28 21:09:57,717 - [OK] 6792efe48c5ed4001b27f336: {}
2025-10-28 21:09:57,822 - [OK] 63b5503bbfd3d90017ea7ccc: {'car': 1}
2025-10-28 21:09:58,135 - [OK] 662a873b1afb9c00172d2483: {'car': 6, 'bus': 3}
2025-10-28 21:09:58,215 - [OK] 66b1c3fa779f740018674146: {'motorcycle': 4, 'car': 2}
2025-10-28 21:09:58,306 - [OK] 5ad0621c98d8fc001102e268: {'car': 3, 'truck': 2, 'bus': 1, 'motorcycle': 3}
2025-10-28 21:09:58,467 - [OK] 66b1c34d779f74001867409e: {'car': 3}
2025-10-28 21:09:59,901 - [OK] 662b558c1afb9c00172d8ed2: {'motorcycle': 5, 'car': 1}
2025-10-28 21:09:59,996 - [OK] 595f89323dcfc400106f28ee: {'truck': 2, 'car': 2, 'bus': 2}
2025-10-28 21:10:00,119 - [OK] 56de42f611f398ec0c48128c: {'car': 9, 'truck': 1}
2025-10-28 21:10:00,404 - [OK] 6623f4836f998a001b2528bf: {'car': 12}
2025-10-28 21:10:00,507 - [OK] 662b85bf1afb9c00172dd149: {'car': 14, 'bus': 1, 'motorcycle': 3, 'truck': 1}
2025-10-28 21:10:00,712 - [OK] 6818887f6dfb4b0018f8f54c: {'car': 3}
2025-10-28 21:10:00,836 - [OK] 63b54bcdbfd3d90017ea7a82: {'car': 2, 'motorcycle': 3, 'truck': 2}
2025-10-28 21:10:00,965 - [OK] 68eddd0a230ee50017d040b2: {'car': 1}
2025-10-28 21:10:02,550 - [OK] 68a587d54e89b100173b6021: {'car': 3, 'truck': 1}
2025-10-28 21:10:02,643 - [OK] 5b5995a3fd4edb0019c7d9ab: {'motorcycle': 1, 'car': 1, 'truck': 1}
2025-10-28 21:10:02,731 - [OK] 662b81a31afb9c00172dcc65: {}
2025-10-28 21:10:03,011 - [OK] 63ae7b3cbfd3d90017e8f34d: {'car': 1}
2025-10-28 21:10:03,095 - [OK] 6318283cc9eae60017a19f0c: {'car': 1}
2025-10-28 21:10:03,650 - [OK] 58746488b807da0011e33cd7: {'truck': 3, 'bus': 1, 'car': 4}
2025-10-28 21:10:03,737 - [OK] 5deb576d1dc17d7c5515acf6: {'car': 11, 'truck': 2, 'bus': 1, 'motorcycle': 2}
2025-10-28 21:10:03,817 - [OK] 5822b5ededeb6c0012a2d66a: {'car': 2}
2025-10-28 21:10:05,700 - [OK] 63b660d8bfd3d90017eaa4d5: {'car': 2}
2025-10-28 21:10:05,841 - [OK] 63ae7be0bfd3d90017e8f3a8: {'car': 12, 'bus': 1, 'motorcycle': 1}
2025-10-28 21:10:05,939 - [OK] 63b54a04bfd3d90017ea783e: {}
2025-10-28 21:10:06,049 - [OK] 63b54f70bfd3d90017ea7c86: {'car': 11}
2025-10-28 21:10:06,145 - [OK] 5a8267fe5058170011f6eae1: {}
2025-10-28 21:10:06,968 - [OK] 595d984b3dcfc400106f2879: {'car': 6}
2025-10-28 21:10:07,267 - [OK] 662b7f651afb9c00172dc992: {'car': 5}
2025-10-28 21:10:07,347 - [OK] 58746122b807da0011e33cc5: {'car': 6}
2025-10-28 21:10:08,783 - [OK] 662a89ae1afb9c00172d26ad: {'car': 2}
2025-10-28 21:10:08,887 - [OK] 63ae768dbfd3d90017e8f0f1: {'car': 11, 'motorcycle': 3, 'truck': 1, 'bus': 2}
2025-10-28 21:10:08,977 - [OK] 6818884f6dfb4b0018f8f50f: {'car': 4, 'truck': 1}
2025-10-28 21:10:09,067 - [OK] 63b54a70bfd3d90017ea7862: {'car': 3, 'motorcycle': 1}
2025-10-28 21:10:09,274 - [OK] 5deb576d1dc17d7c5515ad0c: {'car': 6, 'truck': 2}
2025-10-28 21:10:09,354 - [OK] 58e49783d9d6200011e0b9ce: {'motorcycle': 4, 'car': 6}
2025-10-28 21:10:09,492 - [OK] 6623ef776f998a001b252768: {'bus': 2, 'car': 16, 'motorcycle': 1}
2025-10-28 21:10:09,592 - [OK] 58d7bbf2c1e33c00112b3216: {'bus': 1, 'car': 4}
2025-10-28 21:10:10,908 - [OK] 58746295b807da0011e33ccb: {'car': 14}
2025-10-28 21:10:11,131 - [OK] 585b2baec3f96200127dc508: {'truck': 5, 'bus': 2, 'car': 2}
2025-10-28 21:10:11,256 - [OK] 662b51d21afb9c00172d89bf: {'car': 6, 'truck': 1}
2025-10-28 21:10:11,370 - [OK] 5a606cd08576340017d06628: {'bus': 2, 'car': 5, 'truck': 3}
2025-10-28 21:10:11,500 - [OK] 662b80051afb9c00172dcaf6: {'motorcycle': 3, 'car': 6}
2025-10-28 21:10:11,613 - [OK] 589d0bceb3bf7600110283d6: {}
2025-10-28 21:10:11,703 - [OK] 587ee2aeb807da0011e33d52: {'car': 4, 'truck': 1, 'motorcycle': 3}
2025-10-28 21:10:11,793 - [OK] 662b5bc31afb9c00172d92e2: {'car': 2}
2025-10-28 21:10:13,434 - [OK] 5874644cb807da0011e33cd5: {'car': 7}
2025-10-28 21:10:14,200 - [OK] 662b58401afb9c00172d90f5: {'truck': 1, 'car': 9}
2025-10-28 21:10:14,317 - [OK] 662b867b1afb9c00172dd250: {'car': 11, 'truck': 2, 'motorcycle': 3, 'bus': 1}
2025-10-28 21:10:14,396 - [OK] 5a10c79f02eb490011a0b0dd: {'car': 8, 'bus': 2}
2025-10-28 21:10:14,595 - [OK] 68188af96dfb4b0018f8f8e4: {'car': 3}
2025-10-28 21:10:15,459 - [OK] 5deb576d1dc17d7c5515ad19: {'car': 12}
2025-10-28 21:10:15,541 - [OK] 5b6329fdfd4edb0019c7dc0b: {'car': 6}
2025-10-28 21:10:15,916 - [OK] 662b83ff1afb9c00172dcffb: {'car': 9, 'bus': 1}
2025-10-28 21:10:17,272 - [OK] 589add0fb3bf7600110283ae: {'car': 1}
2025-10-28 21:10:17,361 - [OK] 58abbf72bd82540010390ba4: {'car': 4}
2025-10-28 21:10:17,446 - [OK] 5deb576d1dc17d7c5515ad01: {'car': 7, 'motorcycle': 2}
2025-10-28 21:10:18,337 - [OK] 58ad6961bd82540010390be5: {'car': 6, 'truck': 1, 'motorcycle': 3}
2025-10-28 21:10:18,415 - [OK] 5a8257e25058170011f6eacd: {'car': 1, 'motorcycle': 1}
2025-10-28 21:10:18,598 - [OK] 5a606dbc8576340017d0662b: {'car': 11}
2025-10-28 21:10:18,942 - [OK] 662b52a31afb9c00172d8b01: {'car': 4, 'bus': 1}
2025-10-28 21:10:24,179 - [OK] 6623f1f16f998a001b25281f: {'car': 11, 'motorcycle': 1, 'bus': 1, 'truck': 1}
2025-10-28 21:10:26,188 - [OK] 58abbee5bd82540010390ba2: {'car': 11}
2025-10-28 21:10:26,391 - [OK] 6623f5b56f998a001b25292f: {'car': 4}
2025-10-28 21:10:26,475 - [OK] 662a8ef41afb9c00172d2af2: {'car': 2, 'bus': 1}
2025-10-28 21:10:26,771 - [OK] 58d7b756c1e33c00112b320d: {'car': 9, 'truck': 1, 'bus': 1}
2025-10-28 21:10:26,864 - [OK] 6623e31e6f998a001b252250: {'car': 19}
2025-10-28 21:10:27,239 - [OK] 6792f3cf8c5ed4001b27f61e: {'car': 7, 'motorcycle': 1, 'truck': 1}
2025-10-28 21:10:27,322 - [OK] 5deb576d1dc17d7c5515acfe: {'car': 15, 'motorcycle': 3}
2025-10-28 21:10:27,724 - [OK] 66b1c398779f7400186740e3: {'car': 7}
2025-10-28 21:10:30,421 - [OK] 58e49e3dd9d6200011e0b9d1: {'car': 10, 'motorcycle': 3, 'truck': 1}
2025-10-28 21:10:30,522 - [OK] 58df4e22dc195800111e04bb: {'car': 11}
2025-10-28 21:10:30,670 - [OK] 58d7b3e8c1e33c00112b3207: {'truck': 1, 'car': 4}
2025-10-28 21:10:30,961 - [OK] 5ad0679598d8fc001102e274: {'car': 6, 'bus': 1, 'truck': 1, 'motorcycle': 6}
2025-10-28 21:10:31,058 - [OK] 5d8cdc57766c88001718896e: {'car': 7, 'motorcycle': 1, 'truck': 1}
2025-10-28 21:10:31,152 - [OK] 66f1266f538c780017c93579: {'car': 13, 'truck': 1, 'bus': 2}
2025-10-28 21:10:31,296 - [OK] 5a824b6c5058170011f6eaab: {'car': 8, 'bus': 1, 'truck': 1}
2025-10-28 21:10:31,429 - [OK] 58175ac4edeb6c0012a2d5bb: {'truck': 3, 'car': 3, 'bus': 1}
2025-10-28 21:10:34,982 - [OK] 56de42f611f398ec0c481288: {'car': 2}
2025-10-28 21:10:35,456 - [OK] 6623f0576f998a001b2527ac: {'car': 14}
2025-10-28 21:10:35,541 - [OK] 5d8cd614766c88001718894a: {'car': 5, 'motorcycle': 5}
2025-10-28 21:10:35,762 - [OK] 62da3e840637a10017d7073d: {'bus': 2, 'car': 14}
2025-10-28 21:10:35,904 - [OK] 5a824c3e5058170011f6eaae: {'car': 7, 'motorcycle': 10, 'truck': 1}
2025-10-28 21:10:35,993 - [OK] 5a824f975058170011f6eab8: {'car': 8, 'motorcycle': 6, 'truck': 1}
2025-10-28 21:10:36,660 - [OK] 5deb576d1dc17d7c5515acf9: {'car': 7, 'motorcycle': 6, 'truck': 1}
2025-10-28 21:10:36,743 - [OK] 587470c2b807da0011e33ce4: {'car': 1}
2025-10-28 21:10:38,726 - [OK] 68188cbf6dfb4b0018f900e9: {'car': 6, 'bus': 2}
2025-10-28 21:10:38,806 - [OK] 67e217ea3215f90017863bf1: {'truck': 1}
2025-10-28 21:10:38,908 - [OK] 68ede6d0230ee50017d04d4c: {'car': 6}
2025-10-28 21:10:39,319 - [OK] 584e734a61cfea0012cf694f: {'bus': 1, 'car': 4, 'truck': 1}
2025-10-28 21:10:39,422 - [OK] 662b7f251afb9c00172dc8bc: {'car': 5}
2025-10-28 21:10:39,509 - [OK] 6623ec826f998a001b252686: {'bus': 2, 'car': 7, 'motorcycle': 1, 'truck': 1}
2025-10-28 21:10:39,593 - [OK] 5deb576d1dc17d7c5515ad23: {'car': 1}
2025-10-28 21:10:39,672 - [OK] 6818863c6dfb4b0018f8f235: {}
2025-10-28 21:10:41,130 - [OK] 589ad89eb3bf7600110283ac: {'car': 9, 'motorcycle': 2}
2025-10-28 21:10:41,391 - [OK] 662b5adc1afb9c00172d925b: {'car': 8}
2025-10-28 21:10:41,484 - [OK] 5701e22bc4350a1100e26f6c: {'car': 3, 'motorcycle': 4}
2025-10-28 21:10:41,787 - [OK] 5b87c386ca057700116404a6: {'car': 7}
2025-10-28 21:10:41,974 - [OK] 6623e8406f998a001b252465: {'car': 11, 'motorcycle': 1}
2025-10-28 21:10:42,314 - [OK] 5875cef0b807da0011e33d14: {'car': 7}
2025-10-28 21:10:42,398 - [OK] 5d8cd542766c880017188948: {'car': 5}
2025-10-28 21:10:42,481 - [OK] 68188a816dfb4b0018f8f769: {'car': 3}
2025-10-28 21:10:43,931 - [OK] 595da2853dcfc400106f2883: {'bus': 1, 'car': 4, 'truck': 1}
2025-10-28 21:10:44,018 - [OK] 5a823d555058170011f6eaa2: {'motorcycle': 5, 'car': 10}
2025-10-28 21:10:44,102 - [OK] 587c8183b807da0011e33d3f: {'car': 3}
2025-10-28 21:10:44,346 - [OK] 5deb576d1dc17d7c5515ad06: {}
2025-10-28 21:10:44,431 - [OK] 662b54711afb9c00172d8d4f: {'bus': 1, 'car': 9, 'truck': 1, 'motorcycle': 2}
2025-10-28 21:10:44,512 - [OK] 5a8279865058170011f6eaef: {'truck': 4, 'car': 4}
2025-10-28 21:10:44,679 - [OK] 662a87641afb9c00172d24b0: {'car': 4, 'truck': 1}
2025-10-28 21:10:44,815 - [OK] 662b4faa1afb9c00172d875e: {'car': 2}
2025-10-28 21:10:46,146 - [OK] 63ae7669bfd3d90017e8f0d9: {'car': 7}
2025-10-28 21:10:46,236 - [OK] 63b65e6abfd3d90017eaa361: {'car': 7, 'motorcycle': 2}
2025-10-28 21:10:46,327 - [OK] 56de42f611f398ec0c4812a1: {'car': 2, 'truck': 1}
2025-10-28 21:10:47,002 - [OK] 662a8fd41afb9c00172d2bac: {'car': 2, 'motorcycle': 3, 'truck': 1}
2025-10-28 21:10:47,477 - [OK] 5a825b7d5058170011f6ead4: {'car': 11, 'bus': 1, 'truck': 1}
2025-10-28 21:10:47,561 - [OK] 585b2b1ec3f96200127dc505: {}
2025-10-28 21:10:47,796 - [OK] 56f11afc3ac17b11001c504e: {'car': 10, 'truck': 1}
2025-10-28 21:10:48,019 - [OK] 5a6069238576340017d0661c: {'car': 19, 'bus': 1, 'truck': 1, 'motorcycle': 1}
2025-10-28 21:10:49,482 - [OK] 56de42f611f398ec0c481298: {'truck': 1, 'car': 11, 'bus': 1}
2025-10-28 21:10:49,840 - [OK] 662b857b1afb9c00172dd106: {'car': 21, 'motorcycle': 2, 'bus': 2, 'truck': 4}
2025-10-28 21:10:49,929 - [OK] 63ae75f9bfd3d90017e8f097: {'car': 12, 'motorcycle': 1}
2025-10-28 21:10:50,016 - [OK] 63ae7829bfd3d90017e8f1ac: {'car': 2}
2025-10-28 21:10:50,307 - [OK] 65e0556b6b18080018db665e: {'motorcycle': 10, 'car': 10, 'truck': 1}
2025-10-28 21:10:50,487 - [OK] 662b81eb1afb9c00172dcc85: {}
2025-10-28 21:10:50,648 - [OK] 595dd9ac3dcfc400106f28b4: {'car': 19, 'truck': 2, 'bus': 4}
2025-10-28 21:10:50,768 - [OK] 63b54d27bfd3d90017ea7ae5: {'car': 2}
2025-10-28 21:10:52,103 - [OK] 587654d3b807da0011e33d36: {'truck': 2, 'car': 3, 'bus': 1}
2025-10-28 21:10:52,189 - [OK] 5990ffdbbec3b90016d2ad2d: {}
2025-10-28 21:10:52,273 - [OK] 662a8cc51afb9c00172d2938: {'bus': 2, 'car': 13, 'motorcycle': 3, 'truck': 1}
2025-10-28 21:10:52,395 - [OK] 5a8259035058170011f6eacf: {'car': 8, 'truck': 3, 'motorcycle': 2}
2025-10-28 21:10:52,476 - [OK] 58744f1fb807da0011e33cbd: {'car': 3, 'bus': 1}
2025-10-28 21:10:52,556 - [OK] 63b54cffbfd3d90017ea7ad0: {'car': 3}
2025-10-28 21:10:53,023 - [OK] 589b4644b3bf7600110283ce: {'bus': 1, 'car': 2}
2025-10-28 21:10:53,250 - [OK] 5d8cd8e2766c880017188958: {'car': 5, 'bus': 1}
2025-10-28 21:10:54,707 - [OK] 6623ebd76f998a001b25264d: {'bus': 1, 'car': 5}
2025-10-28 21:10:56,279 - [OK] 5a6086e88576340017d0668a: {'car': 4}
2025-10-28 21:10:56,357 - [OK] 63b54938bfd3d90017ea77f6: {'car': 2, 'motorcycle': 1}
2025-10-28 21:10:56,449 - [OK] 681888b66dfb4b0018f8f58c: {'car': 4, 'truck': 1}
2025-10-28 21:10:56,589 - [OK] 586e2995f9fab7001111b0b5: {'car': 6, 'motorcycle': 1}
2025-10-28 21:10:56,896 - [OK] 6623ee666f998a001b252726: {'car': 7, 'motorcycle': 3}
2025-10-28 21:10:56,995 - [OK] 5d8cd98d766c88001718895a: {'truck': 1, 'car': 1}
2025-10-28 21:10:57,114 - [OK] 662b84c11afb9c00172dd0b5: {'car': 2, 'bus': 1}
2025-10-28 21:10:58,632 - [OK] 56df8198c062921100c143dd: {'car': 3, 'bus': 1, 'motorcycle': 2}
2025-10-28 21:10:58,718 - [OK] 56de42f611f398ec0c481282: {'car': 1}
2025-10-28 21:10:58,801 - [OK] 662b51201afb9c00172d889a: {'car': 3, 'motorcycle': 8}
2025-10-28 21:10:59,050 - [OK] 5a6066608576340017d06617: {'car': 6}
2025-10-28 21:10:59,315 - [OK] 6623ea416f998a001b25260a: {'car': 5, 'motorcycle': 5, 'bus': 2, 'truck': 1}
2025-10-28 21:10:59,402 - [OK] 662b872d1afb9c00172dd36a: {'car': 11, 'motorcycle': 1}
2025-10-28 21:10:59,670 - [OK] 6623e4b06f998a001b2522f1: {'car': 7, 'motorcycle': 4}
2025-10-28 21:10:59,777 - [OK] 56de42f611f398ec0c48127e: {}
2025-10-28 21:11:01,094 - [OK] 56f8d743025e9511002786c5: {'car': 17, 'truck': 2}
2025-10-28 21:11:01,268 - [OK] 595dd3a63dcfc400106f28a7: {'car': 5, 'bus': 3, 'truck': 1}
2025-10-28 21:11:01,365 - [OK] 5a8266105058170011f6eadf: {'car': 3}
2025-10-28 21:11:01,518 - [OK] 68ede5d4230ee50017d04c24: {'car': 3}
2025-10-28 21:11:01,608 - [OK] 662b5afe1afb9c00172d9284: {'car': 4}
2025-10-28 21:11:01,703 - [OK] 5a82602c5058170011f6ead9: {'car': 12, 'motorcycle': 5, 'truck': 1}
2025-10-28 21:11:01,784 - [OK] 585b2980c3f96200127dc502: {'truck': 4, 'car': 4, 'motorcycle': 2}
2025-10-28 21:11:01,889 - [OK] 56de42f611f398ec0c481284: {'car': 8}
2025-10-28 21:11:03,253 - [OK] 662a8b061afb9c00172d27d7: {'car': 2}
2025-10-28 21:11:03,338 - [OK] 662b56c51afb9c00172d9071: {'car': 9, 'truck': 1}
2025-10-28 21:11:03,457 - [OK] 63ae7a08bfd3d90017e8f285: {'car': 11, 'motorcycle': 1}
2025-10-28 21:11:03,580 - [OK] 587ee7d7b807da0011e33d55: {'car': 9, 'bus': 1, 'truck': 1}
2025-10-28 21:11:03,719 - [OK] 5deb576d1dc17d7c5515ad17: {'car': 7, 'truck': 1, 'bus': 1, 'motorcycle': 1}
2025-10-28 21:11:03,814 - [OK] 662b51a41afb9c00172d8926: {'car': 8, 'motorcycle': 1, 'truck': 1, 'bus': 1}
2025-10-28 21:11:03,957 - [OK] 63ae7893bfd3d90017e8f1e1: {'car': 12, 'motorcycle': 1, 'bus': 1}
2025-10-28 21:11:04,073 - [OK] 662a8b9e1afb9c00172d284d: {'car': 2}
2025-10-28 21:11:06,076 - [OK] 681887346dfb4b0018f8f36a: {'car': 2}
2025-10-28 21:11:06,168 - [OK] 5a823ba75058170011f6ea9e: {'car': 4, 'motorcycle': 6, 'truck': 1}
2025-10-28 21:11:06,254 - [OK] 662b5a401afb9c00172d91fc: {'car': 9, 'motorcycle': 11, 'truck': 1}
2025-10-28 21:11:06,417 - [OK] 56df8544c062921100c143e6: {'car': 20, 'bus': 1}
2025-10-28 21:11:06,553 - [OK] 68188ab56dfb4b0018f8f7be: {'car': 2}
2025-10-28 21:11:06,638 - [OK] 595ddb493dcfc400106f28b6: {'car': 4, 'motorcycle': 5, 'truck': 1}
2025-10-28 21:11:06,734 - [OK] 66b1c1f2779f740018673f0d: {'motorcycle': 8, 'car': 1}
2025-10-28 21:11:06,822 - [OK] 589b4379b3bf7600110283c9: {'car': 8}
2025-10-28 21:11:08,136 - [OK] 5d8cd9cb766c88001718895c: {}
2025-10-28 21:11:08,285 - [OK] 5a60604f8576340017d0660b: {'motorcycle': 9, 'car': 11}
2025-10-28 21:11:08,378 - [OK] 6623e6b86f998a001b2523b8: {'car': 10, 'bus': 2, 'truck': 1}
2025-10-28 21:11:08,615 - [OK] 5a8256315058170011f6eac9: {'car': 8}
2025-10-28 21:11:08,750 - [OK] 5ad064b498d8fc001102e26f: {}
